2026-03-11 12:22:47,419 - ERROR - File not found: data/raw/tmdb/news_article_1.json
2026-03-11 12:22:47,419 - ERROR - File not found: data/raw/reviews/description_1.txt
2026-03-11 12:35:26,566 - ERROR - File not found: data/raw/tmdb/news_article_1.json
2026-03-11 12:35:26,567 - ERROR - File not found: data/raw/reviews/description_1.txt
2026-03-11 12:35:41,972 - ERROR - File not found: data/raw/tmdb/news_article_1.json
2026-03-11 12:35:41,972 - ERROR - File not found: data/raw/reviews/description_1.txt
2026-03-11 12:36:54,339 - ERROR - File not found: ../data/raw/tmdb/news_articles_1.json
2026-03-11 12:36:54,340 - ERROR - File not found: ../data/raw/descriptions/descrtption_1.txt
2026-03-11 12:37:44,584 - ERROR - File not found: /data/raw/tmdb/news_articles_1.json
2026-03-11 12:37:44,584 - ERROR - File not found: /data/raw/descriptions/descrtption_1.txt
2026-03-11 12:37:53,532 - ERROR - File not found: data/raw/tmdb/news_articles_1.json
2026-03-11 12:37:53,532 - ERROR - File not found: data/raw/descriptions/descrtption_1.txt
2026-03-11 12:45:23,003 - ERROR - File not found: ../data/raw/tmdb/news_articles_1.json
2026-03-11 12:45:23,003 - ERROR - File not found: ../data/raw/descriptions/description_1.txt
2026-03-11 12:46:52,818 - ERROR - File not found: ./data/raw/tmdb/news_articles_1.json
2026-03-11 12:46:52,818 - INFO - Successfully read text file: ./data/raw/descriptions/description_1.txt
2026-03-18 02:50:41,634 - ERROR - File not found: ./data/raw/tmdb/news_articles_1.json
2026-03-18 02:50:41,634 - INFO - Successfully read text file: ./data/raw/descriptions/description_1.txt
2026-03-18 17:32:49,231 - INFO - Fetching page 1
2026-03-18 17:32:49,231 - ERROR - API request failed
2026-03-18 17:32:49,589 - INFO - Started uploading news_page_1.json to S3 bucket movie-pipeline-bucket
2026-03-18 17:32:51,636 - INFO - Successfully uploaded news_page_1.json to movie-pipeline-bucket
2026-03-18 17:32:51,640 - INFO - Started uploading news_page_2.json to S3 bucket movie-pipeline-bucket
2026-03-18 17:32:53,702 - INFO - Successfully uploaded news_page_2.json to movie-pipeline-bucket
2026-03-18 17:32:53,706 - INFO - Started uploading news_page_3.json to S3 bucket movie-pipeline-bucket
2026-03-18 17:32:55,748 - INFO - Successfully uploaded news_page_3.json to movie-pipeline-bucket
2026-03-19 03:20:48,807 - INFO - Started uploading news_page_1.json to S3 bucket movie-pipeline-bucket
2026-03-19 03:20:51,025 - INFO - Successfully uploaded news_page_1.json to movie-pipeline-bucket
2026-03-19 03:20:51,031 - INFO - Started uploading news_page_2.json to S3 bucket movie-pipeline-bucket
2026-03-19 03:20:53,058 - INFO - Successfully uploaded news_page_2.json to movie-pipeline-bucket
2026-03-19 03:20:53,062 - INFO - Started uploading news_page_3.json to S3 bucket movie-pipeline-bucket
2026-03-19 03:20:55,100 - INFO - Successfully uploaded news_page_3.json to movie-pipeline-bucket
2026-03-19 03:41:38,931 - INFO - Pipeline started
2026-03-19 03:41:41,893 - INFO - Fetched 15 total articles from API
2026-03-19 03:41:41,935 - INFO - Parsed and stored 15 articles to MongoDB
2026-03-19 03:41:42,204 - INFO - Started uploading news_page_1.json to S3 bucket news-pipeline-bucket
2026-03-19 03:41:44,269 - INFO - Successfully uploaded news_page_1.json to news-pipeline-bucket
2026-03-19 03:41:44,273 - INFO - Started uploading news_page_2.json to S3 bucket news-pipeline-bucket
2026-03-19 03:41:46,345 - INFO - Successfully uploaded news_page_2.json to news-pipeline-bucket
2026-03-19 03:41:46,353 - INFO - Started uploading news_page_3.json to S3 bucket news-pipeline-bucket
2026-03-19 03:41:48,401 - INFO - Successfully uploaded news_page_3.json to news-pipeline-bucket
2026-03-19 03:41:48,402 - INFO - Pipeline finished successfully
2026-03-19 03:52:28,475 - INFO - Pipeline started
2026-03-19 03:52:31,198 - INFO - Fetched 15 total articles from API
2026-03-19 03:52:31,210 - INFO - Parsed and stored 15 articles to MongoDB
2026-03-19 03:52:31,456 - INFO - Started uploading news_page_1.json to S3 bucket news-pipeline-bucket
2026-03-19 03:52:31,476 - INFO - Successfully uploaded news_page_1.json to news-pipeline-bucket
2026-03-19 03:52:31,483 - INFO - Started uploading news_page_2.json to S3 bucket news-pipeline-bucket
2026-03-19 03:52:31,498 - INFO - Successfully uploaded news_page_2.json to news-pipeline-bucket
2026-03-19 03:52:31,503 - INFO - Started uploading news_page_3.json to S3 bucket news-pipeline-bucket
2026-03-19 03:52:31,517 - INFO - Successfully uploaded news_page_3.json to news-pipeline-bucket
2026-03-19 03:52:31,518 - INFO - Pipeline finished successfully
2026-04-01 04:25:55,264 - INFO - Pipeline started
2026-04-01 04:26:18,660 - INFO - Fetched 0 total articles from API
2026-04-01 04:26:18,680 - INFO - Parsed and stored 15 JSON articles to MongoDB
2026-04-01 04:26:18,756 - INFO - Processed normal PDF: data/raw/pdf/news_normal.pdf
2026-04-01 04:26:18,810 - INFO - Processed two-column PDF: data/raw/pdf/news_two_column.pdf
2026-04-01 04:26:18,825 - INFO - Processed normal Word file: data/raw/word/news_normal.docx
2026-04-01 04:26:18,835 - INFO - Processed two-column Word file: data/raw/word/news_two_column.docx
2026-04-01 04:26:18,853 - INFO - Processed Word runs for file: data/raw/word/news_normal.docx
2026-04-01 04:26:18,876 - INFO - Processed Excel file: data/raw/excel/news_data.xlsx
2026-04-01 04:26:18,899 - INFO - Encoding test processed for: data/raw/api/news_page_1.json
2026-04-01 04:26:19,380 - INFO - Started uploading news_page_1.json to S3 bucket news-pipeline-bucket
2026-04-01 04:26:44,651 - ERROR - Unexpected error uploading news_page_1.json: Could not connect to the endpoint URL: "http://localhost:4566/news-pipeline-bucket/news_page_1.json"
2026-04-01 04:26:44,661 - INFO - Started uploading news_page_2.json to S3 bucket news-pipeline-bucket
2026-04-01 04:27:10,657 - ERROR - Unexpected error uploading news_page_2.json: Could not connect to the endpoint URL: "http://localhost:4566/news-pipeline-bucket/news_page_2.json"
2026-04-01 04:27:10,662 - INFO - Started uploading news_page_3.json to S3 bucket news-pipeline-bucket
2026-04-01 04:27:38,794 - ERROR - Unexpected error uploading news_page_3.json: Could not connect to the endpoint URL: "http://localhost:4566/news-pipeline-bucket/news_page_3.json"
2026-04-01 04:27:38,795 - INFO - Pipeline finished successfully
2026-04-01 04:31:16,333 - INFO - Pipeline started
2026-04-01 04:31:18,160 - INFO - Fetched 14 total articles from API
2026-04-01 04:31:18,181 - INFO - Parsed and stored 14 JSON articles to MongoDB
2026-04-01 04:31:18,231 - INFO - Processed normal PDF: data/raw/pdf/news_normal.pdf
2026-04-01 04:31:18,283 - INFO - Processed two-column PDF: data/raw/pdf/news_two_column.pdf
2026-04-01 04:31:18,295 - INFO - Processed normal Word file: data/raw/word/news_normal.docx
2026-04-01 04:31:18,305 - INFO - Processed two-column Word file: data/raw/word/news_two_column.docx
2026-04-01 04:31:18,322 - INFO - Processed Word runs for file: data/raw/word/news_normal.docx
2026-04-01 04:31:18,357 - INFO - Processed Excel file: data/raw/excel/news_data.xlsx
2026-04-01 04:31:18,392 - INFO - Encoding test processed for: data/raw/api/news_page_1.json
2026-04-01 04:31:18,542 - INFO - Started uploading news_page_1.json to S3 bucket news-pipeline-bucket
2026-04-01 04:31:47,959 - ERROR - Unexpected error uploading news_page_1.json: Could not connect to the endpoint URL: "http://localhost:4566/news-pipeline-bucket/news_page_1.json"
2026-04-01 04:31:47,971 - INFO - Started uploading news_page_2.json to S3 bucket news-pipeline-bucket
2026-04-01 04:32:17,559 - ERROR - Unexpected error uploading news_page_2.json: Could not connect to the endpoint URL: "http://localhost:4566/news-pipeline-bucket/news_page_2.json"
2026-04-01 04:32:17,562 - INFO - Started uploading news_page_3.json to S3 bucket news-pipeline-bucket
2026-04-01 04:32:48,956 - ERROR - Unexpected error uploading news_page_3.json: Could not connect to the endpoint URL: "http://localhost:4566/news-pipeline-bucket/news_page_3.json"
2026-04-01 04:32:48,956 - INFO - Pipeline finished successfully
2026-04-06 02:28:08,110 - INFO - Pipeline started
2026-04-06 02:28:10,590 - INFO - Fetched 15 total articles from API
2026-04-06 02:28:10,623 - INFO - Parsed and stored 15 JSON articles to MongoDB
2026-04-06 02:28:10,688 - INFO - Processed normal PDF: data/raw/pdf/news_normal.pdf
2026-04-06 02:28:10,748 - INFO - Processed two-column PDF: data/raw/pdf/news_two_column.pdf
2026-04-06 02:28:10,780 - INFO - Processed normal Word file: data/raw/word/news_normal.docx
2026-04-06 02:28:10,805 - INFO - Processed two-column Word file: data/raw/word/news_two_column.docx
2026-04-06 02:28:10,819 - INFO - Processed Word runs for file: data/raw/word/news_normal.docx
2026-04-06 02:28:10,856 - INFO - Processed Excel file: data/raw/excel/news_data.xlsx
2026-04-06 02:28:10,896 - INFO - Encoding test processed for: data/raw/api/news_page_1.json
2026-04-06 02:28:14,355 - INFO - Processed single-page scraping: 25 records
2026-04-06 02:28:24,547 - INFO - Processed multi-page scraping: 100 records
2026-04-06 02:28:38,943 - INFO - Processed dynamic JSON scraping: 87 records
2026-04-06 02:28:39,590 - INFO - Processed OCR image
2026-04-06 02:28:42,859 - INFO - Processed OCR scanned PDF: 2 pages
2026-04-06 02:28:43,242 - INFO - Started uploading news_page_1.json to S3 bucket news-pipeline-bucket
2026-04-06 02:29:12,289 - ERROR - Unexpected error uploading news_page_1.json: Could not connect to the endpoint URL: "http://localhost:4566/news-pipeline-bucket/news_page_1.json"
2026-04-06 02:29:12,296 - INFO - Started uploading news_page_2.json to S3 bucket news-pipeline-bucket
2026-04-06 02:29:40,311 - ERROR - Unexpected error uploading news_page_2.json: Could not connect to the endpoint URL: "http://localhost:4566/news-pipeline-bucket/news_page_2.json"
2026-04-06 02:29:40,319 - INFO - Started uploading news_page_3.json to S3 bucket news-pipeline-bucket
2026-04-06 02:30:07,970 - ERROR - Unexpected error uploading news_page_3.json: Could not connect to the endpoint URL: "http://localhost:4566/news-pipeline-bucket/news_page_3.json"
2026-04-06 02:30:07,971 - INFO - Pipeline finished successfully
2026-04-08 12:21:42,883 [INFO] Batch processing 6 images from data\raw\images
2026-04-08 12:21:43,029 [INFO] Resized proportionally: 2048x566 -> 500x138
2026-04-08 12:21:43,101 [INFO] Thumbnail saved: data\processed\thumbnails\aba75d2b-aa2e-483c-80ed-b285b94e5360_thumb.jpg (128, 35)
2026-04-08 12:21:43,504 [INFO] WebP: 1989KB -> 44KB (97.8% saving)
2026-04-08 12:21:43,549 [WARNING] No EXIF data found in data\raw\images\aba75d2b-aa2e-483c-80ed-b285b94e5360.jpg
2026-04-08 12:21:43,622 [INFO] Resized proportionally: 912x630 -> 500x345
2026-04-08 12:21:43,632 [INFO] Thumbnail saved: data\processed\thumbnails\Abraham-Akpan-912x630_thumb.jpg (128, 88)
2026-04-08 12:21:43,752 [INFO] WebP: 38KB -> 23KB (38.6% saving)
2026-04-08 12:21:43,754 [WARNING] No EXIF data found in data\raw\images\Abraham-Akpan-912x630.jpeg
2026-04-08 12:21:43,795 [INFO] Resized proportionally: 1200x630 -> 500x262
2026-04-08 12:21:43,818 [INFO] Thumbnail saved: data\processed\thumbnails\article_1_thumb.jpg (128, 67)
2026-04-08 12:21:44,034 [INFO] WebP: 145KB -> 84KB (42.1% saving)
2026-04-08 12:21:44,035 [WARNING] No EXIF data found in data\raw\images\article_1.jpg
2026-04-08 12:21:44,240 [INFO] Resized proportionally: 3301x2201 -> 500x333
2026-04-08 12:21:44,380 [INFO] Thumbnail saved: data\processed\thumbnails\Bitcoin-and-Ethereum-from-Pexels_thumb.jpg (128, 85)
2026-04-08 12:21:46,917 [INFO] WebP: 779KB -> 870KB (-11.7% saving)
2026-04-08 12:21:46,922 [WARNING] No EXIF data found in data\raw\images\Bitcoin-and-Ethereum-from-Pexels.jpeg
2026-04-08 12:21:46,960 [INFO] Resized proportionally: 1000x563 -> 500x281
2026-04-08 12:21:46,987 [INFO] Thumbnail saved: data\processed\thumbnails\IMG_3946_thumb.jpg (128, 72)
2026-04-08 12:21:47,200 [INFO] WebP: 125KB -> 79KB (37.0% saving)
2026-04-08 12:21:47,202 [WARNING] No EXIF data found in data\raw\images\IMG_3946.jpeg
2026-04-08 12:21:47,231 [INFO] Resized proportionally: 662x737 -> 500x556
2026-04-08 12:21:47,253 [INFO] Thumbnail saved: data\processed\thumbnails\test_scan_thumb.jpg (115, 128)
2026-04-08 12:21:47,357 [INFO] WebP: 127KB -> 58KB (53.9% saving)
2026-04-08 12:21:47,361 [WARNING] No EXIF data found in data\raw\images\test_scan.png
2026-04-08 12:21:47,369 [INFO] Batch complete. Success: 6, Errors: 0
2026-04-08 12:25:33,122 [INFO] Batch processing 6 images from data\raw\images
2026-04-08 12:25:33,241 [INFO] Resized proportionally: 2048x566 -> 500x138
2026-04-08 12:25:33,305 [INFO] Thumbnail saved: data\processed\thumbnails\aba75d2b-aa2e-483c-80ed-b285b94e5360_thumb.jpg (128, 35)
2026-04-08 12:25:33,702 [INFO] WebP: 1989KB -> 44KB (97.8% saving)
2026-04-08 12:25:33,744 [WARNING] No EXIF data found in data\raw\images\aba75d2b-aa2e-483c-80ed-b285b94e5360.jpg
2026-04-08 12:25:33,807 [INFO] Resized proportionally: 912x630 -> 500x345
2026-04-08 12:25:33,816 [INFO] Thumbnail saved: data\processed\thumbnails\Abraham-Akpan-912x630_thumb.jpg (128, 88)
2026-04-08 12:25:33,937 [INFO] WebP: 38KB -> 23KB (38.6% saving)
2026-04-08 12:25:33,938 [WARNING] No EXIF data found in data\raw\images\Abraham-Akpan-912x630.jpeg
2026-04-08 12:25:33,966 [INFO] Resized proportionally: 1200x630 -> 500x262
2026-04-08 12:25:33,983 [INFO] Thumbnail saved: data\processed\thumbnails\article_1_thumb.jpg (128, 67)
2026-04-08 12:25:34,189 [INFO] WebP: 145KB -> 84KB (42.1% saving)
2026-04-08 12:25:34,190 [WARNING] No EXIF data found in data\raw\images\article_1.jpg
2026-04-08 12:25:34,379 [INFO] Resized proportionally: 3301x2201 -> 500x333
2026-04-08 12:25:34,546 [INFO] Thumbnail saved: data\processed\thumbnails\Bitcoin-and-Ethereum-from-Pexels_thumb.jpg (128, 85)
2026-04-08 12:25:36,675 [INFO] WebP: 779KB -> 870KB (-11.7% saving)
2026-04-08 12:25:36,681 [WARNING] No EXIF data found in data\raw\images\Bitcoin-and-Ethereum-from-Pexels.jpeg
2026-04-08 12:25:36,712 [INFO] Resized proportionally: 1000x563 -> 500x281
2026-04-08 12:25:36,733 [INFO] Thumbnail saved: data\processed\thumbnails\IMG_3946_thumb.jpg (128, 72)
2026-04-08 12:25:36,888 [INFO] WebP: 125KB -> 79KB (37.0% saving)
2026-04-08 12:25:36,889 [WARNING] No EXIF data found in data\raw\images\IMG_3946.jpeg
2026-04-08 12:25:36,938 [INFO] Resized proportionally: 662x737 -> 500x556
2026-04-08 12:25:36,971 [INFO] Thumbnail saved: data\processed\thumbnails\test_scan_thumb.jpg (115, 128)
2026-04-08 12:25:37,094 [INFO] WebP: 127KB -> 58KB (53.9% saving)
2026-04-08 12:25:37,099 [WARNING] No EXIF data found in data\raw\images\test_scan.png
2026-04-08 12:25:37,104 [INFO] Batch complete. Success: 6, Errors: 0
2026-04-09 16:47:49,335 [INFO] Batch processing 6 images from data\raw\images
2026-04-09 16:47:49,501 [INFO] Resized proportionally: 2048x566 -> 500x138
2026-04-09 16:47:49,555 [INFO] Thumbnail saved: data\processed\thumbnails\aba75d2b-aa2e-483c-80ed-b285b94e5360_thumb.jpg (128, 35)
2026-04-09 16:47:49,969 [INFO] WebP: 1989KB -> 44KB (97.8% saving)
2026-04-09 16:47:50,005 [WARNING] No EXIF data found in data\raw\images\aba75d2b-aa2e-483c-80ed-b285b94e5360.jpg
2026-04-09 16:47:50,061 [INFO] Resized proportionally: 912x630 -> 500x345
2026-04-09 16:47:50,073 [INFO] Thumbnail saved: data\processed\thumbnails\Abraham-Akpan-912x630_thumb.jpg (128, 88)
2026-04-09 16:47:50,174 [INFO] WebP: 38KB -> 23KB (38.6% saving)
2026-04-09 16:47:50,175 [WARNING] No EXIF data found in data\raw\images\Abraham-Akpan-912x630.jpeg
2026-04-09 16:47:50,202 [INFO] Resized proportionally: 1200x630 -> 500x262
2026-04-09 16:47:50,214 [INFO] Thumbnail saved: data\processed\thumbnails\article_1_thumb.jpg (128, 67)
2026-04-09 16:47:50,397 [INFO] WebP: 145KB -> 84KB (42.1% saving)
2026-04-09 16:47:50,398 [WARNING] No EXIF data found in data\raw\images\article_1.jpg
2026-04-09 16:47:50,547 [INFO] Resized proportionally: 3301x2201 -> 500x333
2026-04-09 16:47:50,653 [INFO] Thumbnail saved: data\processed\thumbnails\Bitcoin-and-Ethereum-from-Pexels_thumb.jpg (128, 85)
2026-04-09 16:47:52,547 [INFO] WebP: 779KB -> 870KB (-11.7% saving)
2026-04-09 16:47:52,551 [WARNING] No EXIF data found in data\raw\images\Bitcoin-and-Ethereum-from-Pexels.jpeg
2026-04-09 16:47:52,583 [INFO] Resized proportionally: 1000x563 -> 500x281
2026-04-09 16:47:52,598 [INFO] Thumbnail saved: data\processed\thumbnails\IMG_3946_thumb.jpg (128, 72)
2026-04-09 16:47:52,740 [INFO] WebP: 125KB -> 79KB (37.0% saving)
2026-04-09 16:47:52,741 [WARNING] No EXIF data found in data\raw\images\IMG_3946.jpeg
2026-04-09 16:47:52,764 [INFO] Resized proportionally: 662x737 -> 500x556
2026-04-09 16:47:52,782 [INFO] Thumbnail saved: data\processed\thumbnails\test_scan_thumb.jpg (115, 128)
2026-04-09 16:47:52,866 [INFO] WebP: 127KB -> 58KB (53.9% saving)
2026-04-09 16:47:52,869 [WARNING] No EXIF data found in data\raw\images\test_scan.png
2026-04-09 16:47:52,873 [INFO] Batch complete. Success: 6, Errors: 0
2026-04-09 16:53:04,096 [INFO] Batch processing 6 images from data\raw\images
2026-04-09 16:53:04,295 [INFO] Resized proportionally: 2048x566 -> 500x138
2026-04-09 16:53:04,353 [INFO] Thumbnail saved: data\processed\thumbnails\aba75d2b-aa2e-483c-80ed-b285b94e5360_thumb.jpg (128, 35)
2026-04-09 16:53:04,614 [INFO] WebP: 1989KB -> 44KB (97.8% saving)
2026-04-09 16:53:04,657 [WARNING] No EXIF data found in data\raw\images\aba75d2b-aa2e-483c-80ed-b285b94e5360.jpg
2026-04-09 16:53:04,706 [INFO] Resized proportionally: 912x630 -> 500x345
2026-04-09 16:53:04,713 [INFO] Thumbnail saved: data\processed\thumbnails\Abraham-Akpan-912x630_thumb.jpg (128, 88)
2026-04-09 16:53:04,795 [INFO] WebP: 38KB -> 23KB (38.6% saving)
2026-04-09 16:53:04,796 [WARNING] No EXIF data found in data\raw\images\Abraham-Akpan-912x630.jpeg
2026-04-09 16:53:04,817 [INFO] Resized proportionally: 1200x630 -> 500x262
2026-04-09 16:53:04,829 [INFO] Thumbnail saved: data\processed\thumbnails\article_1_thumb.jpg (128, 67)
2026-04-09 16:53:04,978 [INFO] WebP: 145KB -> 84KB (42.1% saving)
2026-04-09 16:53:04,981 [WARNING] No EXIF data found in data\raw\images\article_1.jpg
2026-04-09 16:53:05,142 [INFO] Resized proportionally: 3301x2201 -> 500x333
2026-04-09 16:53:05,257 [INFO] Thumbnail saved: data\processed\thumbnails\Bitcoin-and-Ethereum-from-Pexels_thumb.jpg (128, 85)
2026-04-09 16:53:07,024 [INFO] WebP: 779KB -> 870KB (-11.7% saving)
2026-04-09 16:53:07,026 [WARNING] No EXIF data found in data\raw\images\Bitcoin-and-Ethereum-from-Pexels.jpeg
2026-04-09 16:53:07,050 [INFO] Resized proportionally: 1000x563 -> 500x281
2026-04-09 16:53:07,068 [INFO] Thumbnail saved: data\processed\thumbnails\IMG_3946_thumb.jpg (128, 72)
2026-04-09 16:53:07,259 [INFO] WebP: 125KB -> 79KB (37.0% saving)
2026-04-09 16:53:07,259 [WARNING] No EXIF data found in data\raw\images\IMG_3946.jpeg
2026-04-09 16:53:07,282 [INFO] Resized proportionally: 662x737 -> 500x556
2026-04-09 16:53:07,302 [INFO] Thumbnail saved: data\processed\thumbnails\test_scan_thumb.jpg (115, 128)
2026-04-09 16:53:07,428 [INFO] WebP: 127KB -> 58KB (53.9% saving)
2026-04-09 16:53:07,433 [WARNING] No EXIF data found in data\raw\images\test_scan.png
2026-04-09 16:53:07,440 [WARNING] upload_batch not available. Skipping Google Drive upload.
2026-04-09 16:53:07,440 [INFO] Batch complete. Success: 6, Errors: 0
2026-04-09 16:57:17,922 [INFO] Batch processing 6 images from data\raw\images
2026-04-09 16:57:18,056 [INFO] Resized proportionally: 2048x566 -> 500x138
2026-04-09 16:57:18,126 [INFO] Thumbnail saved: data\processed\thumbnails\aba75d2b-aa2e-483c-80ed-b285b94e5360_thumb.jpg (128, 35)
2026-04-09 16:57:18,396 [INFO] WebP: 1989KB -> 44KB (97.8% saving)
2026-04-09 16:57:18,431 [WARNING] No EXIF data found in data\raw\images\aba75d2b-aa2e-483c-80ed-b285b94e5360.jpg
2026-04-09 16:57:18,476 [INFO] Resized proportionally: 912x630 -> 500x345
2026-04-09 16:57:18,484 [INFO] Thumbnail saved: data\processed\thumbnails\Abraham-Akpan-912x630_thumb.jpg (128, 88)
2026-04-09 16:57:18,568 [INFO] WebP: 38KB -> 23KB (38.6% saving)
2026-04-09 16:57:18,569 [WARNING] No EXIF data found in data\raw\images\Abraham-Akpan-912x630.jpeg
2026-04-09 16:57:18,587 [INFO] Resized proportionally: 1200x630 -> 500x262
2026-04-09 16:57:18,600 [INFO] Thumbnail saved: data\processed\thumbnails\article_1_thumb.jpg (128, 67)
2026-04-09 16:57:18,761 [INFO] WebP: 145KB -> 84KB (42.1% saving)
2026-04-09 16:57:18,763 [WARNING] No EXIF data found in data\raw\images\article_1.jpg
2026-04-09 16:57:18,973 [INFO] Resized proportionally: 3301x2201 -> 500x333
2026-04-09 16:57:19,074 [INFO] Thumbnail saved: data\processed\thumbnails\Bitcoin-and-Ethereum-from-Pexels_thumb.jpg (128, 85)
2026-04-09 16:57:20,924 [INFO] WebP: 779KB -> 870KB (-11.7% saving)
2026-04-09 16:57:20,927 [WARNING] No EXIF data found in data\raw\images\Bitcoin-and-Ethereum-from-Pexels.jpeg
2026-04-09 16:57:20,956 [INFO] Resized proportionally: 1000x563 -> 500x281
2026-04-09 16:57:20,975 [INFO] Thumbnail saved: data\processed\thumbnails\IMG_3946_thumb.jpg (128, 72)
2026-04-09 16:57:21,120 [INFO] WebP: 125KB -> 79KB (37.0% saving)
2026-04-09 16:57:21,121 [WARNING] No EXIF data found in data\raw\images\IMG_3946.jpeg
2026-04-09 16:57:21,142 [INFO] Resized proportionally: 662x737 -> 500x556
2026-04-09 16:57:21,159 [INFO] Thumbnail saved: data\processed\thumbnails\test_scan_thumb.jpg (115, 128)
2026-04-09 16:57:21,236 [INFO] WebP: 127KB -> 58KB (53.9% saving)
2026-04-09 16:57:21,239 [WARNING] No EXIF data found in data\raw\images\test_scan.png
2026-04-09 16:57:21,243 [WARNING] upload_batch not available. Skipping Google Drive upload.
2026-04-09 16:57:21,243 [INFO] Batch complete. Success: 6, Errors: 0
2026-04-09 17:00:55,358 [INFO] Batch processing 6 images from data\raw\images
2026-04-09 17:00:55,463 [INFO] Resized proportionally: 2048x566 -> 500x138
2026-04-09 17:00:55,516 [INFO] Thumbnail saved: data\processed\thumbnails\aba75d2b-aa2e-483c-80ed-b285b94e5360_thumb.jpg (128, 35)
2026-04-09 17:00:55,759 [INFO] WebP: 1989KB -> 44KB (97.8% saving)
2026-04-09 17:00:55,792 [WARNING] No EXIF data found in data\raw\images\aba75d2b-aa2e-483c-80ed-b285b94e5360.jpg
2026-04-09 17:00:55,918 [INFO] Resized proportionally: 912x630 -> 500x345
2026-04-09 17:00:55,942 [INFO] Thumbnail saved: data\processed\thumbnails\Abraham-Akpan-912x630_thumb.jpg (128, 88)
2026-04-09 17:00:56,044 [INFO] WebP: 38KB -> 23KB (38.6% saving)
2026-04-09 17:00:56,045 [WARNING] No EXIF data found in data\raw\images\Abraham-Akpan-912x630.jpeg
2026-04-09 17:00:56,068 [INFO] Resized proportionally: 1200x630 -> 500x262
2026-04-09 17:00:56,079 [INFO] Thumbnail saved: data\processed\thumbnails\article_1_thumb.jpg (128, 67)
2026-04-09 17:00:56,235 [INFO] WebP: 145KB -> 84KB (42.1% saving)
2026-04-09 17:00:56,236 [WARNING] No EXIF data found in data\raw\images\article_1.jpg
2026-04-09 17:00:56,374 [INFO] Resized proportionally: 3301x2201 -> 500x333
2026-04-09 17:00:56,475 [INFO] Thumbnail saved: data\processed\thumbnails\Bitcoin-and-Ethereum-from-Pexels_thumb.jpg (128, 85)
2026-04-09 17:00:58,128 [INFO] WebP: 779KB -> 870KB (-11.7% saving)
2026-04-09 17:00:58,131 [WARNING] No EXIF data found in data\raw\images\Bitcoin-and-Ethereum-from-Pexels.jpeg
2026-04-09 17:00:58,153 [INFO] Resized proportionally: 1000x563 -> 500x281
2026-04-09 17:00:58,170 [INFO] Thumbnail saved: data\processed\thumbnails\IMG_3946_thumb.jpg (128, 72)
2026-04-09 17:00:58,300 [INFO] WebP: 125KB -> 79KB (37.0% saving)
2026-04-09 17:00:58,301 [WARNING] No EXIF data found in data\raw\images\IMG_3946.jpeg
2026-04-09 17:00:58,330 [INFO] Resized proportionally: 662x737 -> 500x556
2026-04-09 17:00:58,347 [INFO] Thumbnail saved: data\processed\thumbnails\test_scan_thumb.jpg (115, 128)
2026-04-09 17:00:58,449 [INFO] WebP: 127KB -> 58KB (53.9% saving)
2026-04-09 17:00:58,453 [WARNING] No EXIF data found in data\raw\images\test_scan.png
2026-04-09 17:00:58,594 [INFO] Please visit this URL to authorize this application: https://accounts.google.com/o/oauth2/auth?response_type=code&client_id=645585725083-77bq09gfl8thi4vdk7ots8eipmsm466c.apps.googleusercontent.com&redirect_uri=http%3A%2F%2Flocalhost%3A58808%2F&scope=https%3A%2F%2Fwww.googleapis.com%2Fauth%2Fdrive.file&state=CAjrcef7HZwMeR2ltsEjM2g3DuElIL&code_challenge=msNnVKxA9thx_B8NhyedUUABNQnipvYv_u9ula_OLzE&code_challenge_method=S256&access_type=offline
2026-04-09 17:01:07,852 [INFO] "GET /?state=CAjrcef7HZwMeR2ltsEjM2g3DuElIL&iss=https://accounts.google.com&code=4/0Aci98E-pKs0cQr0vi4yO-b82r0U-q8AbgT8neJbnJe76J2eaFaoiSG53E-g2Dhsro21CyA&scope=https://www.googleapis.com/auth/drive.file HTTP/1.1" 200 65
2026-04-09 17:01:09,787 [INFO] file_cache is only supported with oauth2client<4.0.0
2026-04-09 17:01:13,578 [INFO] file_cache is only supported with oauth2client<4.0.0
2026-04-09 17:01:16,747 [INFO] file_cache is only supported with oauth2client<4.0.0
2026-04-09 17:01:19,907 [INFO] file_cache is only supported with oauth2client<4.0.0
2026-04-09 17:01:23,082 [INFO] file_cache is only supported with oauth2client<4.0.0
2026-04-09 17:01:25,760 [INFO] file_cache is only supported with oauth2client<4.0.0
2026-04-09 17:01:30,020 [INFO] file_cache is only supported with oauth2client<4.0.0
2026-04-09 17:01:33,108 [INFO] file_cache is only supported with oauth2client<4.0.0
2026-04-09 17:01:36,901 [INFO] file_cache is only supported with oauth2client<4.0.0
2026-04-09 17:01:39,464 [INFO] file_cache is only supported with oauth2client<4.0.0
2026-04-09 17:01:42,291 [INFO] file_cache is only supported with oauth2client<4.0.0
2026-04-09 17:01:44,636 [INFO] file_cache is only supported with oauth2client<4.0.0
2026-04-09 17:01:47,988 [INFO] Google Drive upload completed.
2026-04-09 17:01:47,989 [INFO] Batch complete. Success: 6, Errors: 0
2026-04-09 17:21:27,439 - INFO - Pipeline started
2026-04-09 17:21:30,700 - INFO - Fetched 15 total articles from API
2026-04-09 17:21:30,771 - INFO - Parsed and stored 15 JSON articles to MongoDB
2026-04-09 17:21:30,846 - INFO - Processed normal PDF: data/raw/pdf/news_normal.pdf
2026-04-09 17:21:30,928 - INFO - Processed two-column PDF: data/raw/pdf/news_two_column.pdf
2026-04-09 17:21:31,018 - INFO - Processed normal Word file: data/raw/word/news_normal.docx
2026-04-09 17:21:31,049 - INFO - Processed two-column Word file: data/raw/word/news_two_column.docx
2026-04-09 17:21:31,069 - INFO - Processed Word runs for file: data/raw/word/news_normal.docx
2026-04-09 17:21:31,100 - INFO - Processed Excel file: data/raw/excel/news_data.xlsx
2026-04-09 17:21:31,136 - INFO - Encoding test processed for: data/raw/api/news_page_1.json
2026-04-09 17:21:35,754 - INFO - Processed single-page scraping: 25 records
2026-04-09 17:21:47,567 - INFO - Processed multi-page scraping: 100 records
2026-04-09 17:22:03,021 - INFO - Processed dynamic JSON scraping: 87 records
2026-04-09 17:22:04,222 - INFO - Processed OCR image
2026-04-09 17:22:09,219 - INFO - Processed OCR scanned PDF: 2 pages
2026-04-09 17:22:09,220 - INFO - Loaded 5 articles from news_page_1.json
2026-04-09 17:22:09,220 - INFO - Loaded 5 articles from news_page_2.json
2026-04-09 17:22:09,221 - INFO - Loaded 5 articles from news_page_3.json
2026-04-09 17:22:09,221 - INFO - Total loaded articles: 15
2026-04-09 17:22:10,185 - INFO - Downloaded: data\raw\images\aerial-images-home.jpg
2026-04-09 17:22:12,428 - INFO - Downloaded: data\raw\images\while-amazons-aws-cloud-computing-unit-investing-ai-infused-future-tech-titan-still-under.jpg
2026-04-09 17:22:13,625 - INFO - Downloaded: data\raw\images\69d65c20f36fd1a78c051d65.jpg
2026-04-09 17:22:14,841 - INFO - Downloaded: data\raw\images\amazon-dod-4-8.png
2026-04-09 17:22:17,172 - INFO - Downloaded: data\raw\images\74c8728a-700f-45c7-abd4-d62cbf48c10e.jpg
2026-04-09 17:22:19,409 - INFO - Downloaded: data\raw\images\default.jpg
2026-04-09 17:22:20,593 - INFO - Downloaded: data\raw\images\53482dc1-f464-4851-bec3-5d1cef091e39.jpg
2026-04-09 17:22:21,726 - INFO - Downloaded: data\raw\images\IMG_Building_a_network_t_2_1_E4DRQ1N5.jpg
2026-04-09 17:22:23,546 - INFO - Downloaded: data\raw\images\gilda%201-thumb-200x200-103413.jpg
2026-04-09 17:22:24,927 - INFO - Downloaded: data\raw\images\IE-Image-26.jpg
2026-04-09 17:22:24,930 - INFO - Downloaded 10 images.
2026-04-09 17:22:24,930 - INFO - Downloaded 10 article images
2026-04-09 17:22:24,934 - INFO - Batch processing 16 images from data\raw\images
2026-04-09 17:22:24,986 - INFO - Resized proportionally: 300x431 -> 500x718
2026-04-09 17:22:24,995 - INFO - Thumbnail saved: data\processed\thumbnails\53482dc1-f464-4851-bec3-5d1cef091e39_thumb.jpg (89, 128)
2026-04-09 17:22:25,065 - INFO - WebP: 40KB -> 3KB (90.2% saving)
2026-04-09 17:22:25,097 - INFO - Resized proportionally: 1200x600 -> 500x250
2026-04-09 17:22:25,115 - INFO - Thumbnail saved: data\processed\thumbnails\69d65c20f36fd1a78c051d65_thumb.jpg (128, 64)
2026-04-09 17:22:25,220 - INFO - WebP: 51KB -> 40KB (21.9% saving)
2026-04-09 17:22:25,221 - WARNING - No EXIF data found in data\raw\images\69d65c20f36fd1a78c051d65.jpg
2026-04-09 17:22:25,273 - INFO - Resized proportionally: 2000x1333 -> 500x333
2026-04-09 17:22:25,295 - INFO - Thumbnail saved: data\processed\thumbnails\74c8728a-700f-45c7-abd4-d62cbf48c10e_thumb.jpg (128, 85)
2026-04-09 17:22:25,556 - INFO - WebP: 105KB -> 31KB (70.5% saving)
2026-04-09 17:22:25,558 - WARNING - No EXIF data found in data\raw\images\74c8728a-700f-45c7-abd4-d62cbf48c10e.jpg
2026-04-09 17:22:25,614 - INFO - Resized proportionally: 2048x566 -> 500x138
2026-04-09 17:22:25,662 - INFO - Thumbnail saved: data\processed\thumbnails\aba75d2b-aa2e-483c-80ed-b285b94e5360_thumb.jpg (128, 35)
2026-04-09 17:22:25,875 - INFO - WebP: 1989KB -> 44KB (97.8% saving)
2026-04-09 17:22:25,905 - WARNING - No EXIF data found in data\raw\images\aba75d2b-aa2e-483c-80ed-b285b94e5360.jpg
2026-04-09 17:22:25,952 - INFO - Resized proportionally: 912x630 -> 500x345
2026-04-09 17:22:25,964 - INFO - Thumbnail saved: data\processed\thumbnails\Abraham-Akpan-912x630_thumb.jpg (128, 88)
2026-04-09 17:22:26,053 - INFO - WebP: 38KB -> 23KB (38.6% saving)
2026-04-09 17:22:26,054 - WARNING - No EXIF data found in data\raw\images\Abraham-Akpan-912x630.jpeg
2026-04-09 17:22:26,087 - INFO - Resized proportionally: 1600x840 -> 500x262
2026-04-09 17:22:26,106 - INFO - Thumbnail saved: data\processed\thumbnails\aerial-images-home_thumb.jpg (128, 67)
2026-04-09 17:22:26,403 - INFO - WebP: 103KB -> 153KB (-47.5% saving)
2026-04-09 17:22:26,404 - WARNING - No EXIF data found in data\raw\images\aerial-images-home.jpg
2026-04-09 17:22:26,431 - INFO - Resized proportionally: 1200x675 -> 500x281
2026-04-09 17:22:26,446 - INFO - Thumbnail saved: data\processed\thumbnails\amazon-dod-4-8_thumb.jpg (128, 72)
2026-04-09 17:22:26,574 - INFO - WebP: 60KB -> 49KB (18.0% saving)
2026-04-09 17:22:26,575 - WARNING - No EXIF data found in data\raw\images\amazon-dod-4-8.png
2026-04-09 17:22:26,603 - INFO - Resized proportionally: 1200x630 -> 500x262
2026-04-09 17:22:26,615 - INFO - Thumbnail saved: data\processed\thumbnails\article_1_thumb.jpg (128, 67)
2026-04-09 17:22:26,759 - INFO - WebP: 145KB -> 84KB (42.1% saving)
2026-04-09 17:22:26,760 - WARNING - No EXIF data found in data\raw\images\article_1.jpg
2026-04-09 17:22:26,927 - INFO - Resized proportionally: 3301x2201 -> 500x333
2026-04-09 17:22:27,041 - INFO - Thumbnail saved: data\processed\thumbnails\Bitcoin-and-Ethereum-from-Pexels_thumb.jpg (128, 85)
2026-04-09 17:22:28,626 - INFO - WebP: 779KB -> 870KB (-11.7% saving)
2026-04-09 17:22:28,628 - WARNING - No EXIF data found in data\raw\images\Bitcoin-and-Ethereum-from-Pexels.jpeg
2026-04-09 17:22:28,658 - INFO - Resized proportionally: 1200x630 -> 500x262
2026-04-09 17:22:28,675 - INFO - Thumbnail saved: data\processed\thumbnails\default_thumb.jpg (128, 67)
2026-04-09 17:22:28,760 - INFO - WebP: 48KB -> 20KB (57.5% saving)
2026-04-09 17:22:28,762 - WARNING - No EXIF data found in data\raw\images\default.jpg
2026-04-09 17:22:28,771 - INFO - Resized proportionally: 200x200 -> 500x500
2026-04-09 17:22:28,779 - INFO - Thumbnail saved: data\processed\thumbnails\gilda%201-thumb-200x200-103413_thumb.jpg (128, 128)
2026-04-09 17:22:28,794 - INFO - WebP: 3KB -> 5KB (-30.1% saving)
2026-04-09 17:22:28,795 - WARNING - No EXIF data found in data\raw\images\gilda%201-thumb-200x200-103413.jpg
2026-04-09 17:22:28,828 - INFO - Resized proportionally: 1600x900 -> 500x281
2026-04-09 17:22:28,846 - INFO - Thumbnail saved: data\processed\thumbnails\IE-Image-26_thumb.jpg (128, 72)
2026-04-09 17:22:29,035 - INFO - WebP: 58KB -> 49KB (15.3% saving)
2026-04-09 17:22:29,036 - WARNING - No EXIF data found in data\raw\images\IE-Image-26.jpg
2026-04-09 17:22:29,056 - INFO - Resized proportionally: 1000x563 -> 500x281
2026-04-09 17:22:29,073 - INFO - Thumbnail saved: data\processed\thumbnails\IMG_3946_thumb.jpg (128, 72)
2026-04-09 17:22:29,214 - INFO - WebP: 125KB -> 79KB (37.0% saving)
2026-04-09 17:22:29,215 - WARNING - No EXIF data found in data\raw\images\IMG_3946.jpeg
2026-04-09 17:22:29,236 - INFO - Resized proportionally: 1200x675 -> 500x281
2026-04-09 17:22:29,253 - INFO - Thumbnail saved: data\processed\thumbnails\IMG_Building_a_network_t_2_1_E4DRQ1N5_thumb.jpg (128, 72)
2026-04-09 17:22:29,384 - INFO - WebP: 63KB -> 45KB (28.1% saving)
2026-04-09 17:22:29,385 - WARNING - No EXIF data found in data\raw\images\IMG_Building_a_network_t_2_1_E4DRQ1N5.jpg
2026-04-09 17:22:29,415 - INFO - Resized proportionally: 662x737 -> 500x556
2026-04-09 17:22:29,430 - INFO - Thumbnail saved: data\processed\thumbnails\test_scan_thumb.jpg (115, 128)
2026-04-09 17:22:29,549 - INFO - WebP: 127KB -> 58KB (53.9% saving)
2026-04-09 17:22:29,553 - WARNING - No EXIF data found in data\raw\images\test_scan.png
2026-04-09 17:22:29,583 - INFO - Resized proportionally: 768x512 -> 500x333
2026-04-09 17:22:29,616 - INFO - Thumbnail saved: data\processed\thumbnails\while-amazons-aws-cloud-computing-unit-investing-ai-infused-future-tech-titan-still-under_thumb.jpg (128, 85)
2026-04-09 17:22:29,698 - INFO - WebP: 89KB -> 30KB (65.6% saving)
2026-04-09 17:22:29,699 - WARNING - No EXIF data found in data\raw\images\while-amazons-aws-cloud-computing-unit-investing-ai-infused-future-tech-titan-still-under.jpg
2026-04-09 17:22:29,707 - INFO - file_cache is only supported with oauth2client<4.0.0
2026-04-09 17:22:32,144 - INFO - file_cache is only supported with oauth2client<4.0.0
2026-04-09 17:22:34,688 - INFO - file_cache is only supported with oauth2client<4.0.0
2026-04-09 17:22:36,735 - INFO - file_cache is only supported with oauth2client<4.0.0
2026-04-09 17:22:39,504 - INFO - file_cache is only supported with oauth2client<4.0.0
2026-04-09 17:22:41,957 - INFO - file_cache is only supported with oauth2client<4.0.0
2026-04-09 17:22:44,519 - INFO - file_cache is only supported with oauth2client<4.0.0
2026-04-09 17:22:47,560 - INFO - file_cache is only supported with oauth2client<4.0.0
2026-04-09 17:22:51,075 - INFO - file_cache is only supported with oauth2client<4.0.0
2026-04-09 17:22:54,046 - INFO - file_cache is only supported with oauth2client<4.0.0
2026-04-09 17:22:57,227 - INFO - file_cache is only supported with oauth2client<4.0.0
2026-04-09 17:23:00,400 - INFO - file_cache is only supported with oauth2client<4.0.0
2026-04-09 17:23:03,694 - INFO - file_cache is only supported with oauth2client<4.0.0
2026-04-09 17:23:06,640 - INFO - file_cache is only supported with oauth2client<4.0.0
2026-04-09 17:23:09,662 - INFO - file_cache is only supported with oauth2client<4.0.0
2026-04-09 17:23:11,780 - INFO - file_cache is only supported with oauth2client<4.0.0
2026-04-09 17:23:14,322 - INFO - file_cache is only supported with oauth2client<4.0.0
2026-04-09 17:23:16,663 - INFO - file_cache is only supported with oauth2client<4.0.0
2026-04-09 17:23:19,652 - INFO - file_cache is only supported with oauth2client<4.0.0
2026-04-09 17:23:22,103 - INFO - file_cache is only supported with oauth2client<4.0.0
2026-04-09 17:23:24,647 - INFO - file_cache is only supported with oauth2client<4.0.0
2026-04-09 17:23:26,910 - INFO - file_cache is only supported with oauth2client<4.0.0
2026-04-09 17:23:29,269 - INFO - file_cache is only supported with oauth2client<4.0.0
2026-04-09 17:23:31,517 - INFO - file_cache is only supported with oauth2client<4.0.0
2026-04-09 17:23:33,975 - INFO - file_cache is only supported with oauth2client<4.0.0
2026-04-09 17:23:36,246 - INFO - file_cache is only supported with oauth2client<4.0.0
2026-04-09 17:23:38,822 - INFO - file_cache is only supported with oauth2client<4.0.0
2026-04-09 17:23:40,835 - INFO - file_cache is only supported with oauth2client<4.0.0
2026-04-09 17:23:44,018 - INFO - file_cache is only supported with oauth2client<4.0.0
2026-04-09 17:23:46,105 - INFO - file_cache is only supported with oauth2client<4.0.0
2026-04-09 17:23:48,727 - INFO - file_cache is only supported with oauth2client<4.0.0
2026-04-09 17:23:50,978 - INFO - file_cache is only supported with oauth2client<4.0.0
2026-04-09 17:23:53,412 - INFO - Google Drive upload completed.
2026-04-09 17:23:53,413 - INFO - Batch complete. Success: 16, Errors: 0
2026-04-09 17:23:53,413 - INFO - Batch processed 16 images with 0 errors
2026-04-09 17:23:53,473 - INFO - Saved 16 image metadata records to MongoDB
2026-04-09 17:23:53,474 - INFO - Pipeline finished successfully
2026-04-09 17:51:34,762 - INFO - Pipeline started
2026-04-09 17:51:37,861 - INFO - Fetched 15 total articles from API
2026-04-09 17:51:38,021 - INFO - Parsed and stored 15 JSON articles to MongoDB
2026-04-09 17:51:38,123 - INFO - Processed normal PDF: data/raw/pdf/news_normal.pdf
2026-04-09 17:51:38,194 - INFO - Processed two-column PDF: data/raw/pdf/news_two_column.pdf
2026-04-09 17:51:38,212 - INFO - Processed normal Word file: data/raw/word/news_normal.docx
2026-04-09 17:51:38,228 - INFO - Processed two-column Word file: data/raw/word/news_two_column.docx
2026-04-09 17:51:38,254 - INFO - Processed Word runs for file: data/raw/word/news_normal.docx
2026-04-09 17:51:38,288 - INFO - Processed Excel file: data/raw/excel/news_data.xlsx
2026-04-09 17:51:38,323 - INFO - Encoding test processed for: data/raw/api/news_page_1.json
2026-04-09 17:51:42,394 - INFO - Processed single-page scraping: 25 records
2026-04-09 17:51:53,686 - INFO - Processed multi-page scraping: 100 records
2026-04-09 17:52:09,141 - INFO - Processed dynamic JSON scraping: 87 records
2026-04-09 17:52:10,063 - INFO - Processed OCR image
2026-04-09 17:52:14,741 - INFO - Processed OCR scanned PDF: 2 pages
2026-04-09 17:52:14,742 - INFO - Loaded 5 articles from news_page_1.json
2026-04-09 17:52:14,742 - INFO - Loaded 5 articles from news_page_2.json
2026-04-09 17:52:14,743 - INFO - Loaded 5 articles from news_page_3.json
2026-04-09 17:52:14,743 - INFO - Total loaded articles: 15
2026-04-09 17:52:15,748 - INFO - Downloaded: data\raw\images\3df2450bd86ac04a6913743726db7297c9ac4482-5994x3372.jpg
2026-04-09 17:52:17,829 - INFO - Downloaded: data\raw\images\16x9_2133x1200_highres-true-rgb.jpg
2026-04-09 17:52:19,186 - INFO - Downloaded: data\raw\images\GettyImages-2203399905-e1775661971259.jpg
2026-04-09 17:52:20,485 - INFO - Downloaded: data\raw\images\59a204a5-c40e-4168-bd8c-c8b8bd7138af.jpg
2026-04-09 17:52:21,592 - INFO - Downloaded: data\raw\images\Windows-11-Start-menu-option-consolidated.png
2026-04-09 17:52:22,821 - INFO - Downloaded: data\raw\images\lapd-car-agents-night.jpg
2026-04-09 17:52:24,029 - INFO - Downloaded: data\raw\images\Tab-S11-Ultra-S-Pen-OLA_Native-Ads_1200x627-1-e1766155625505.jpg
2026-04-09 17:52:25,167 - INFO - Downloaded: data\raw\images\NYT.jpg
2026-04-09 17:52:26,640 - INFO - Downloaded: data\raw\images\9FCoS7qNMvGxy2rB.jpg
2026-04-09 17:52:28,015 - ERROR - Error downloading https://www.fda.gov/themes/custom/preview/img/FDA-Social-Graphic.png: 404 Client Error: Not Found for url: https://www.fda.gov/apology_objects/abuse-detection-apology.html
2026-04-09 17:52:29,177 - INFO - Downloaded: data\raw\images\Simon-Small-courtesy-Sarah-Bogosh_social.jpg
2026-04-09 17:52:29,179 - INFO - Downloaded 10 images.
2026-04-09 17:52:29,179 - INFO - Downloaded 10 article images
2026-04-09 17:52:29,184 - INFO - Batch processing 26 images from data\raw\images
2026-04-09 17:52:29,305 - INFO - Resized proportionally: 2133x1200 -> 500x281
2026-04-09 17:52:29,337 - INFO - Thumbnail saved: data\processed\thumbnails\16x9_2133x1200_highres-true-rgb_thumb.jpg (128, 72)
2026-04-09 17:52:29,732 - INFO - WebP: 173KB -> 123KB (28.6% saving)
2026-04-09 17:52:29,733 - WARNING - No EXIF data found in data\raw\images\16x9_2133x1200_highres-true-rgb.jpg
2026-04-09 17:52:29,754 - INFO - Resized proportionally: 960x540 -> 500x281
2026-04-09 17:52:29,765 - INFO - Thumbnail saved: data\processed\thumbnails\3df2450bd86ac04a6913743726db7297c9ac4482-5994x3372_thumb.jpg (128, 72)
2026-04-09 17:52:29,868 - INFO - WebP: 48KB -> 37KB (24.0% saving)
2026-04-09 17:52:29,869 - WARNING - No EXIF data found in data\raw\images\3df2450bd86ac04a6913743726db7297c9ac4482-5994x3372.jpg
2026-04-09 17:52:29,888 - INFO - Resized proportionally: 300x431 -> 500x718
2026-04-09 17:52:29,898 - INFO - Thumbnail saved: data\processed\thumbnails\53482dc1-f464-4851-bec3-5d1cef091e39_thumb.jpg (89, 128)
2026-04-09 17:52:29,922 - INFO - WebP: 40KB -> 3KB (90.2% saving)
2026-04-09 17:52:29,950 - INFO - Resized proportionally: 1280x640 -> 500x250
2026-04-09 17:52:29,963 - INFO - Thumbnail saved: data\processed\thumbnails\59a204a5-c40e-4168-bd8c-c8b8bd7138af_thumb.jpg (128, 64)
2026-04-09 17:52:30,086 - INFO - WebP: 31KB -> 17KB (44.2% saving)
2026-04-09 17:52:30,086 - WARNING - No EXIF data found in data\raw\images\59a204a5-c40e-4168-bd8c-c8b8bd7138af.jpg
2026-04-09 17:52:30,119 - INFO - Resized proportionally: 1200x600 -> 500x250
2026-04-09 17:52:30,132 - INFO - Thumbnail saved: data\processed\thumbnails\69d65c20f36fd1a78c051d65_thumb.jpg (128, 64)
2026-04-09 17:52:30,241 - INFO - WebP: 51KB -> 40KB (21.9% saving)
2026-04-09 17:52:30,242 - WARNING - No EXIF data found in data\raw\images\69d65c20f36fd1a78c051d65.jpg
2026-04-09 17:52:30,299 - INFO - Resized proportionally: 2000x1333 -> 500x333
2026-04-09 17:52:30,316 - INFO - Thumbnail saved: data\processed\thumbnails\74c8728a-700f-45c7-abd4-d62cbf48c10e_thumb.jpg (128, 85)
2026-04-09 17:52:30,617 - INFO - WebP: 105KB -> 31KB (70.5% saving)
2026-04-09 17:52:30,619 - WARNING - No EXIF data found in data\raw\images\74c8728a-700f-45c7-abd4-d62cbf48c10e.jpg
2026-04-09 17:52:30,648 - INFO - Resized proportionally: 1024x576 -> 500x281
2026-04-09 17:52:30,656 - INFO - Thumbnail saved: data\processed\thumbnails\9FCoS7qNMvGxy2rB_thumb.jpg (128, 72)
2026-04-09 17:52:30,717 - INFO - WebP: 28KB -> 10KB (64.7% saving)
2026-04-09 17:52:30,718 - WARNING - No EXIF data found in data\raw\images\9FCoS7qNMvGxy2rB.jpg
2026-04-09 17:52:30,771 - INFO - Resized proportionally: 2048x566 -> 500x138
2026-04-09 17:52:30,819 - INFO - Thumbnail saved: data\processed\thumbnails\aba75d2b-aa2e-483c-80ed-b285b94e5360_thumb.jpg (128, 35)
2026-04-09 17:52:31,030 - INFO - WebP: 1989KB -> 44KB (97.8% saving)
2026-04-09 17:52:31,063 - WARNING - No EXIF data found in data\raw\images\aba75d2b-aa2e-483c-80ed-b285b94e5360.jpg
2026-04-09 17:52:31,117 - INFO - Resized proportionally: 912x630 -> 500x345
2026-04-09 17:52:31,126 - INFO - Thumbnail saved: data\processed\thumbnails\Abraham-Akpan-912x630_thumb.jpg (128, 88)
2026-04-09 17:52:31,211 - INFO - WebP: 38KB -> 23KB (38.6% saving)
2026-04-09 17:52:31,212 - WARNING - No EXIF data found in data\raw\images\Abraham-Akpan-912x630.jpeg
2026-04-09 17:52:31,240 - INFO - Resized proportionally: 1600x840 -> 500x262
2026-04-09 17:52:31,259 - INFO - Thumbnail saved: data\processed\thumbnails\aerial-images-home_thumb.jpg (128, 67)
2026-04-09 17:52:31,509 - INFO - WebP: 103KB -> 153KB (-47.5% saving)
2026-04-09 17:52:31,511 - WARNING - No EXIF data found in data\raw\images\aerial-images-home.jpg
2026-04-09 17:52:31,539 - INFO - Resized proportionally: 1200x675 -> 500x281
2026-04-09 17:52:31,554 - INFO - Thumbnail saved: data\processed\thumbnails\amazon-dod-4-8_thumb.jpg (128, 72)
2026-04-09 17:52:31,678 - INFO - WebP: 60KB -> 49KB (18.0% saving)
2026-04-09 17:52:31,679 - WARNING - No EXIF data found in data\raw\images\amazon-dod-4-8.png
2026-04-09 17:52:31,730 - INFO - Resized proportionally: 1200x630 -> 500x262
2026-04-09 17:52:31,740 - INFO - Thumbnail saved: data\processed\thumbnails\article_1_thumb.jpg (128, 67)
2026-04-09 17:52:31,888 - INFO - WebP: 145KB -> 84KB (42.1% saving)
2026-04-09 17:52:31,889 - WARNING - No EXIF data found in data\raw\images\article_1.jpg
2026-04-09 17:52:32,038 - INFO - Resized proportionally: 3301x2201 -> 500x333
2026-04-09 17:52:32,140 - INFO - Thumbnail saved: data\processed\thumbnails\Bitcoin-and-Ethereum-from-Pexels_thumb.jpg (128, 85)
2026-04-09 17:52:34,054 - INFO - WebP: 779KB -> 870KB (-11.7% saving)
2026-04-09 17:52:34,057 - WARNING - No EXIF data found in data\raw\images\Bitcoin-and-Ethereum-from-Pexels.jpeg
2026-04-09 17:52:34,090 - INFO - Resized proportionally: 1200x630 -> 500x262
2026-04-09 17:52:34,114 - INFO - Thumbnail saved: data\processed\thumbnails\default_thumb.jpg (128, 67)
2026-04-09 17:52:34,226 - INFO - WebP: 48KB -> 20KB (57.5% saving)
2026-04-09 17:52:34,229 - WARNING - No EXIF data found in data\raw\images\default.jpg
2026-04-09 17:52:34,257 - INFO - Resized proportionally: 1200x600 -> 500x250
2026-04-09 17:52:34,275 - INFO - Thumbnail saved: data\processed\thumbnails\GettyImages-2203399905-e1775661971259_thumb.jpg (128, 64)
2026-04-09 17:52:34,519 - INFO - WebP: 110KB -> 89KB (18.6% saving)
2026-04-09 17:52:34,520 - WARNING - No EXIF data found in data\raw\images\GettyImages-2203399905-e1775661971259.jpg
2026-04-09 17:52:34,529 - INFO - Resized proportionally: 200x200 -> 500x500
2026-04-09 17:52:34,533 - INFO - Thumbnail saved: data\processed\thumbnails\gilda%201-thumb-200x200-103413_thumb.jpg (128, 128)
2026-04-09 17:52:34,546 - INFO - WebP: 3KB -> 5KB (-30.1% saving)
2026-04-09 17:52:34,546 - WARNING - No EXIF data found in data\raw\images\gilda%201-thumb-200x200-103413.jpg
2026-04-09 17:52:34,583 - INFO - Resized proportionally: 1600x900 -> 500x281
2026-04-09 17:52:34,601 - INFO - Thumbnail saved: data\processed\thumbnails\IE-Image-26_thumb.jpg (128, 72)
2026-04-09 17:52:34,807 - INFO - WebP: 58KB -> 49KB (15.3% saving)
2026-04-09 17:52:34,808 - WARNING - No EXIF data found in data\raw\images\IE-Image-26.jpg
2026-04-09 17:52:34,831 - INFO - Resized proportionally: 1000x563 -> 500x281
2026-04-09 17:52:34,851 - INFO - Thumbnail saved: data\processed\thumbnails\IMG_3946_thumb.jpg (128, 72)
2026-04-09 17:52:34,996 - INFO - WebP: 125KB -> 79KB (37.0% saving)
2026-04-09 17:52:34,998 - WARNING - No EXIF data found in data\raw\images\IMG_3946.jpeg
2026-04-09 17:52:35,119 - INFO - Resized proportionally: 1200x675 -> 500x281
2026-04-09 17:52:35,137 - INFO - Thumbnail saved: data\processed\thumbnails\IMG_Building_a_network_t_2_1_E4DRQ1N5_thumb.jpg (128, 72)
2026-04-09 17:52:35,285 - INFO - WebP: 63KB -> 45KB (28.1% saving)
2026-04-09 17:52:35,286 - WARNING - No EXIF data found in data\raw\images\IMG_Building_a_network_t_2_1_E4DRQ1N5.jpg
2026-04-09 17:52:35,319 - INFO - Resized proportionally: 1200x796 -> 500x331
2026-04-09 17:52:35,336 - INFO - Thumbnail saved: data\processed\thumbnails\lapd-car-agents-night_thumb.jpg (128, 85)
2026-04-09 17:52:35,505 - INFO - WebP: 69KB -> 30KB (55.7% saving)
2026-04-09 17:52:35,506 - WARNING - No EXIF data found in data\raw\images\lapd-car-agents-night.jpg
2026-04-09 17:52:35,538 - INFO - Resized proportionally: 1200x675 -> 500x281
2026-04-09 17:52:35,554 - INFO - Thumbnail saved: data\processed\thumbnails\NYT_thumb.jpg (128, 72)
2026-04-09 17:52:35,831 - INFO - WebP: 225KB -> 207KB (8.0% saving)
2026-04-09 17:52:35,832 - WARNING - No EXIF data found in data\raw\images\NYT.jpg
2026-04-09 17:52:35,877 - INFO - Resized proportionally: 1200x675 -> 500x281
2026-04-09 17:52:35,893 - INFO - Thumbnail saved: data\processed\thumbnails\Simon-Small-courtesy-Sarah-Bogosh_social_thumb.jpg (128, 72)
2026-04-09 17:52:36,025 - INFO - WebP: 203KB -> 36KB (82.2% saving)
2026-04-09 17:52:36,046 - INFO - Resized proportionally: 898x450 -> 500x250
2026-04-09 17:52:36,054 - INFO - Thumbnail saved: data\processed\thumbnails\Tab-S11-Ultra-S-Pen-OLA_Native-Ads_1200x627-1-e1766155625505_thumb.jpg (128, 64)
2026-04-09 17:52:36,133 - INFO - WebP: 51KB -> 33KB (34.9% saving)
2026-04-09 17:52:36,156 - INFO - Resized proportionally: 662x737 -> 500x556
2026-04-09 17:52:36,174 - INFO - Thumbnail saved: data\processed\thumbnails\test_scan_thumb.jpg (115, 128)
2026-04-09 17:52:36,263 - INFO - WebP: 127KB -> 58KB (53.9% saving)
2026-04-09 17:52:36,267 - WARNING - No EXIF data found in data\raw\images\test_scan.png
2026-04-09 17:52:36,288 - INFO - Resized proportionally: 768x512 -> 500x333
2026-04-09 17:52:36,303 - INFO - Thumbnail saved: data\processed\thumbnails\while-amazons-aws-cloud-computing-unit-investing-ai-infused-future-tech-titan-still-under_thumb.jpg (128, 85)
2026-04-09 17:52:36,389 - INFO - WebP: 89KB -> 30KB (65.6% saving)
2026-04-09 17:52:36,389 - WARNING - No EXIF data found in data\raw\images\while-amazons-aws-cloud-computing-unit-investing-ai-infused-future-tech-titan-still-under.jpg
2026-04-09 17:52:36,420 - INFO - Resized proportionally: 1024x576 -> 500x281
2026-04-09 17:52:36,438 - INFO - Thumbnail saved: data\processed\thumbnails\Windows-11-Start-menu-option-consolidated_thumb.jpg (128, 72)
2026-04-09 17:52:36,546 - INFO - WebP: 162KB -> 31KB (80.5% saving)
2026-04-09 17:52:36,550 - WARNING - No EXIF data found in data\raw\images\Windows-11-Start-menu-option-consolidated.png
2026-04-09 17:52:36,560 - INFO - file_cache is only supported with oauth2client<4.0.0
2026-04-09 17:52:39,044 - INFO - file_cache is only supported with oauth2client<4.0.0
2026-04-09 17:52:41,946 - INFO - file_cache is only supported with oauth2client<4.0.0
2026-04-09 17:52:44,199 - INFO - file_cache is only supported with oauth2client<4.0.0
2026-04-09 17:52:46,868 - INFO - file_cache is only supported with oauth2client<4.0.0
2026-04-09 17:52:49,013 - INFO - file_cache is only supported with oauth2client<4.0.0
2026-04-09 17:52:51,270 - INFO - file_cache is only supported with oauth2client<4.0.0
2026-04-09 17:52:53,530 - INFO - file_cache is only supported with oauth2client<4.0.0
2026-04-09 17:52:55,796 - INFO - file_cache is only supported with oauth2client<4.0.0
2026-04-09 17:52:58,033 - INFO - file_cache is only supported with oauth2client<4.0.0
2026-04-09 17:53:01,195 - INFO - file_cache is only supported with oauth2client<4.0.0
2026-04-09 17:53:03,477 - INFO - file_cache is only supported with oauth2client<4.0.0
2026-04-09 17:53:06,179 - INFO - file_cache is only supported with oauth2client<4.0.0
2026-04-09 17:53:08,981 - INFO - file_cache is only supported with oauth2client<4.0.0
2026-04-09 17:53:11,332 - INFO - file_cache is only supported with oauth2client<4.0.0
2026-04-09 17:53:14,003 - INFO - file_cache is only supported with oauth2client<4.0.0
2026-04-09 17:53:16,966 - INFO - file_cache is only supported with oauth2client<4.0.0
2026-04-09 17:53:19,061 - INFO - file_cache is only supported with oauth2client<4.0.0
2026-04-09 17:53:22,101 - INFO - file_cache is only supported with oauth2client<4.0.0
2026-04-09 17:53:24,745 - INFO - file_cache is only supported with oauth2client<4.0.0
2026-04-09 17:53:27,005 - INFO - file_cache is only supported with oauth2client<4.0.0
2026-04-09 17:53:29,209 - INFO - file_cache is only supported with oauth2client<4.0.0
2026-04-09 17:53:31,714 - INFO - file_cache is only supported with oauth2client<4.0.0
2026-04-09 17:53:33,686 - INFO - file_cache is only supported with oauth2client<4.0.0
2026-04-09 17:53:36,239 - INFO - file_cache is only supported with oauth2client<4.0.0
2026-04-09 17:53:38,190 - INFO - file_cache is only supported with oauth2client<4.0.0
2026-04-09 17:53:41,552 - INFO - file_cache is only supported with oauth2client<4.0.0
2026-04-09 17:53:44,102 - INFO - file_cache is only supported with oauth2client<4.0.0
2026-04-09 17:53:46,632 - INFO - file_cache is only supported with oauth2client<4.0.0
2026-04-09 17:53:49,021 - INFO - file_cache is only supported with oauth2client<4.0.0
2026-04-09 17:53:51,578 - INFO - file_cache is only supported with oauth2client<4.0.0
2026-04-09 17:53:54,138 - INFO - file_cache is only supported with oauth2client<4.0.0
2026-04-09 17:53:56,391 - INFO - file_cache is only supported with oauth2client<4.0.0
2026-04-09 17:53:58,853 - INFO - file_cache is only supported with oauth2client<4.0.0
2026-04-09 17:54:01,617 - INFO - file_cache is only supported with oauth2client<4.0.0
2026-04-09 17:54:03,765 - INFO - file_cache is only supported with oauth2client<4.0.0
2026-04-09 17:54:06,289 - INFO - file_cache is only supported with oauth2client<4.0.0
2026-04-09 17:54:08,588 - INFO - file_cache is only supported with oauth2client<4.0.0
2026-04-09 17:54:10,830 - INFO - file_cache is only supported with oauth2client<4.0.0
2026-04-09 17:54:13,389 - INFO - file_cache is only supported with oauth2client<4.0.0
2026-04-09 17:54:15,949 - INFO - file_cache is only supported with oauth2client<4.0.0
2026-04-09 17:54:18,314 - INFO - file_cache is only supported with oauth2client<4.0.0
2026-04-09 17:54:20,593 - INFO - file_cache is only supported with oauth2client<4.0.0
2026-04-09 17:54:22,603 - INFO - file_cache is only supported with oauth2client<4.0.0
2026-04-09 17:54:25,470 - INFO - file_cache is only supported with oauth2client<4.0.0
2026-04-09 17:54:27,927 - INFO - file_cache is only supported with oauth2client<4.0.0
2026-04-09 17:54:30,395 - INFO - file_cache is only supported with oauth2client<4.0.0
2026-04-09 17:54:32,720 - INFO - file_cache is only supported with oauth2client<4.0.0
2026-04-09 17:54:35,002 - INFO - file_cache is only supported with oauth2client<4.0.0
2026-04-09 17:54:37,146 - INFO - file_cache is only supported with oauth2client<4.0.0
2026-04-09 17:54:39,501 - INFO - file_cache is only supported with oauth2client<4.0.0
2026-04-09 17:54:41,677 - INFO - file_cache is only supported with oauth2client<4.0.0
2026-04-09 17:54:44,115 - INFO - Google Drive upload completed.
2026-04-09 17:54:44,116 - INFO - Batch complete. Success: 26, Errors: 0
2026-04-09 17:54:44,116 - INFO - Batch processed 26 images with 0 errors
2026-04-09 17:54:44,153 - INFO - Saved 26 image metadata records to MongoDB
2026-04-09 17:54:44,153 - INFO - Pipeline finished successfully
